<?php
	require_once ("config.php");
	$conn;
	if (!$conn) {
    		die("Connection failed: " . mysqli_connect_error());
	}	
 if (isset($_POST['Submit']))  {
	$ip = $_SERVER['REMOTE_ADDR'];
	$username = $_POST['username'];
	$password = $_POST['password'];
	$region = $_POST['region'];
	$result = mysqli_query($conn, "SELECT * FROM users WHERE username = '$username'");
        $row = mysqli_fetch_assoc($result);
	$message = "Go back";
	$link = 'index.php';
	if (strlen($username) == 0) {
	$prob = "You didn't input your username";
	logError("$ip bypassed HTML and submitted empty username");
	}
	else if (strlen($password) < 6) {
	$prob = "Password must be not less than 6 symbols";
	logError("$ip bypassed HTML and submitted password less than 6 symbols");
	}
	else if ($row['id'] != 0) {
Last login: Thu Nov 15 16:07:37 on ttys000
Alibeks-MacBook-Air:~ citius$ ssh zveri@5.59.11.66
zveri@5.59.11.66's password: 
Linux ksvm 4.9.0-6-amd64 #1 SMP Debian 4.9.88-1+deb9u1 (2018-05-07) x86_64

The programs included with the Debian GNU/Linux system are free software;
the exact distribution terms for each program are described in the
individual files in /usr/share/doc/*/copyright.

Debian GNU/Linux comes with ABSOLUTELY NO WARRANTY, to the extent
permitted by applicable law.
Last login: Sun Nov 18 22:30:15 2018 from 31.186.51.92
zveri@ksvm:~$ scp -p public_html
usage: scp [-12346BCpqrv] [-c cipher] [-F ssh_config] [-i identity_file]
           [-l limit] [-o ssh_option] [-P port] [-S program]
           [[user@]host1:]file1 ... [[user@]host2:]file2
zveri@ksvm:~$ scp public_html
usage: scp [-12346BCpqrv] [-c cipher] [-F ssh_config] [-i identity_file]
           [-l limit] [-o ssh_option] [-P port] [-S program]
           [[user@]host1:]file1 ... [[user@]host2:]file2
zveri@ksvm:~$ cd public_html/
zveri@ksvm:~/public_html$ nano pointPlace.php 






































zveri@ksvm:~/public_html$ nano regist.php 
zveri@ksvm:~/public_html$ mysql -u zveri -p
Enter password: 
Welcome to the MariaDB monitor.  Commands end with ; or \g.
Your MariaDB connection id is 31537
Server version: 10.1.26-MariaDB-0+deb9u1 Debian 9.1

Copyright (c) 2000, 2017, Oracle, MariaDB Corporation Ab and others.

Type 'help;' or '\h' for help. Type '\c' to clear the current input statement.

MariaDB [(none)]> use zveri;
Reading table information for completion of table and column names
You can turn off this feature to get a quicker startup with -A

Database changed
MariaDB [zveri]> alter table users
    -> modify lastSubmission set default = "1970-1-1 00:00:00";
ERROR 1064 (42000): You have an error in your SQL syntax; check the manual that corresponds to your MariaDB server version for the right syntax to use near 'default = "1970-1-1 00:00:00"' at line 2
MariaDB [zveri]> select * from users;
+----+------------------+-------------+----------+--------------+---------------------+--------+-----------------------+
| id | username         | pswd        | region   | ip           | lastSubmission      | status | email                 |
+----+------------------+-------------+----------+--------------+---------------------+--------+-----------------------+
|  1 | 123              | 123123123   | Lenin    | 31.186.51.92 | 2018-11-17 23:19:42 |      1 |                       |
|  2 | zamir            | 1495494     | Sverdlov | 10.10.5.46   | 2018-11-16 10:21:53 |      1 |                       |
|  3 | Kushtar          | Kushtar1234 | Sverdlov | 10.10.4.193  | 2018-11-11 00:23:13 |      1 |                       |
|  4 | test31           | testtest    | Oktyabr  | 10.9.1.92    | 2018-11-17 23:30:36 |      1 |                       |
|  5 | alybaev_d@auca.k | Oreong99    | Oktyabr  | 10.10.5.133  | 2018-10-31 15:48:57 |      1 |                       |
|  6 | Kushtar          | Kushtar1234 | Sverdlov | 10.10.6.90   | 2018-11-06 17:19:28 |      1 |                       |
|  7 | Kushtar          | Kushtar1234 | Sverdlov | 10.10.4.9    | 2018-11-14 11:48:04 |      1 |                       |
|  8 | 1                | 1           |          | NULL         | 2017-11-17 23:19:42 |      1 |                       |
|  9 | 2                | 123123      |          | NULL         | 2018-11-18 23:33:36 |      1 |                       |
| 11 | 3                | za2jng85ud  |          | NULL         | 2017-11-17 23:19:42 |      1 | j4205886@nwytg.net    |
| 12 | 4                | 4           |          | NULL         | 2018-11-18 12:01:50 |      1 |                       |
| 13 | 5                | 5           |          | NULL         | 2017-11-17 23:19:42 |      1 |                       |
| 14 | 6                | 6           |          | NULL         | 2017-11-17 23:19:42 |      1 |                       |
| 15 | ongore99         | Oreong99    | Oktyabr  | 77.95.61.142 | 2018-11-18 20:41:12 |      1 |                       |
| 16 |                  |             |          | NULL         | 2018-11-19 00:17:45 |      1 | Cholponbaev_a@auca.kg |
| 17 | Volume999        | 123456789   | Oktyabr  | 10.10.1.132  | 2018-11-19 10:43:16 |      1 |                       |
+----+------------------+-------------+----------+--------------+---------------------+--------+-----------------------+
16 rows in set (0.00 sec)

MariaDB [zveri]> alter delete from users where id = 17;
ERROR 1064 (42000): You have an error in your SQL syntax; check the manual that corresponds to your MariaDB server version for the right syntax to use near 'delete from users where id = 17' at line 1
MariaDB [zveri]> delete from users where id = 17;
Query OK, 1 row affected (0.05 sec)

MariaDB [zveri]> alter table users alter lastSubmission set default = "1970-1-1 00:00:00";
ERROR 1064 (42000): You have an error in your SQL syntax; check the manual that corresponds to your MariaDB server version for the right syntax to use near '= "1970-1-1 00:00:00"' at line 1
MariaDB [zveri]> alter table users alter lastSubmission set default = 1970-1-1 00:00:00;
ERROR 1064 (42000): You have an error in your SQL syntax; check the manual that corresponds to your MariaDB server version for the right syntax to use near '= 1970-1-1 00:00:00' at line 1
MariaDB [zveri]> alter table users alter lastSubmission set default = '1970-1-1 00:00:00';
ERROR 1064 (42000): You have an error in your SQL syntax; check the manual that corresponds to your MariaDB server version for the right syntax to use near '= '1970-1-1 00:00:00'' at line 1
MariaDB [zveri]> alter table users alter lastSubmission set default = '1970-1-1 00:00:01';
ERROR 1064 (42000): You have an error in your SQL syntax; check the manual that corresponds to your MariaDB server version for the right syntax to use near '= '1970-1-1 00:00:01'' at line 1
MariaDB [zveri]> alter table users alter lastSubmission set default = "1970-1-1 00:00:01";
ERROR 1064 (42000): You have an error in your SQL syntax; check the manual that corresponds to your MariaDB server version for the right syntax to use near '= "1970-1-1 00:00:01"' at line 1
MariaDB [zveri]> update users set lastSubmission = "1970-11-19 10:43:16" where id = 17;
Query OK, 0 rows affected (0.00 sec)
Rows matched: 0  Changed: 0  Warnings: 0

MariaDB [zveri]> update users set lastSubmission = "1970-11-19 10:43:16" where id = 16;
Query OK, 1 row affected (0.02 sec)
Rows matched: 1  Changed: 1  Warnings: 0

MariaDB [zveri]> alter table users change lastSubmission lastSubmission 
    -> ;
ERROR 1064 (42000): You have an error in your SQL syntax; check the manual that corresponds to your MariaDB server version for the right syntax to use near '' at line 1
MariaDB [zveri]> desc users;
+----------------+---------------------+------+-----+-------------------+----------------+
| Field          | Type                | Null | Key | Default           | Extra          |
+----------------+---------------------+------+-----+-------------------+----------------+
| id             | tinyint(3) unsigned | NO   | PRI | NULL              | auto_increment |
| username       | varchar(16)         | NO   |     | NULL              |                |
| pswd           | varchar(32)         | NO   |     | NULL              |                |
| region         | varchar(16)         | NO   |     | NULL              |                |
| ip             | varchar(20)         | YES  |     | NULL              |                |
| lastSubmission | timestamp           | NO   |     | CURRENT_TIMESTAMP |                |
| status         | tinyint(1)          | NO   |     | 1                 |                |
| email          | varchar(60)         | NO   |     | NULL              |                |
+----------------+---------------------+------+-----+-------------------+----------------+
8 rows in set (0.00 sec)

MariaDB [zveri]> alter table users change lastSubmission lastSubmission timestamp set default = "1970-11-11 11:11:11";
ERROR 1064 (42000): You have an error in your SQL syntax; check the manual that corresponds to your MariaDB server version for the right syntax to use near 'set default = "1970-11-11 11:11:11"' at line 1
MariaDB [zveri]> Ctrl-C -- exit!
Aborted
zveri@ksvm:~/public_html$ nano regist.php 

  GNU nano 2.7.4                                                                                 File: regist.php                                                                                           

<?php
        require_once ("config.php");
        $conn;
        if (!$conn) {
                die("Connection failed: " . mysqli_connect_error());
        }       
 if (isset($_POST['Submit']))  {
        $ip = $_SERVER['REMOTE_ADDR'];
        $username = $_POST['username'];
        $password = $_POST['password'];
        $region = $_POST['region'];
        $result = mysqli_query($conn, "SELECT * FROM users WHERE username = '$username'");
        $row = mysqli_fetch_assoc($result);
        $message = "Go back";
        $link = 'index.php';
        if (strlen($username) == 0) {
        $prob = "You didn't input your username";
        logError("$ip bypassed HTML and submitted empty username");
        }
        else if (strlen($password) < 6) {
        $prob = "Password must be not less than 6 symbols";
        logError("$ip bypassed HTML and submitted password less than 6 symbols");
        }
        else if ($row['id'] != 0) {
        $prob = "Username already exists";
        logError("$ip tried to register under an existing username");
        }
        else if (ipVerification($ip) != 0) {
        $prob = "There is already an account tied to this IP adress";
        logError("$ip tried to register for the second time");
        }
        else {
        $prob = "Registration completed";
        $message = "Back to login"; 
        $username = mysqli_escape_string($conn, $username);
        $password = mysqli_escape_string($conn, $password);
        $region = mysqli_escape_string($conn, $region);
        mysqli_query($conn, "INSERT into users (username, pswd, region, ip) values ('$username', '$password', '$region', '$ip');");
        mysqli_query($conn, "UPDATE users set lastSubmission = '1970-1-1 12:12:12' where username = '$username'");
        logAction($conn, $username, "created"); 
        }
        htmlGetBack($prob, $link, $message);    
        exit;
}
else {
$html = '<html>
<head>
<title>Registration</title>
</head>
<body>
        <meta charset="utf-8">
     

      <center>

        <h4>Please fill out all the sections </h4>

        <form action="" method="POST">  
                                                                                             [ Read 78 lines ]
^G Get Help      ^O Write Out     ^W Where Is      ^K Cut Text      ^J Justify       ^C Cur Pos       ^Y Prev Page     M-\ First Line   M-W WhereIs Next ^^ Mark Text     M-} Indent Text  M-U Undo
^X Exit          ^R Read File     ^\ Replace       ^U Uncut Text    ^T To Spell      ^_ Go To Line    ^V Next Page     M-/ Last Line    M-] To Bracket   M-^ Copy Text    M-{ Unindent TextM-E Redo
	$prob = "Username already exists";
	logError("$ip tried to register under an existing username");
	}
	else if (ipVerification($ip) != 0) {
	$prob = "There is already an account tied to this IP adress";
	logError("$ip tried to register for the second time");
	}
	else {
	$prob = "Registration completed";
	$message = "Back to login"; 
	$username = mysqli_escape_string($conn, $username);
	$password = mysqli_escape_string($conn, $password);
	$region = mysqli_escape_string($conn, $region);
	mysqli_query($conn, "INSERT into users (username, pswd, region, ip) values ('$username', '$password', '$region', '$ip');");
	logAction($conn, $username, "created");	
	}
	htmlGetBack($prob, $link, $message);	
	exit;
}
else {
$html = '<html>
<head>
<title>Registration</title>
</head>
<body>
	<meta charset="utf-8">
     

      <center>

	<h4>Please fill out all the sections </h4>

	<form action="" method="POST">	
	<table >		
		<tr><td> User name </td> <td> <input type="text" name="username" placeholder="name" required></td></tr>

		<tr><td> Password</td> <td> <input type="password" name="password" placeholder="password" minlength = "6" required></td></tr>

		<tr><td>Region</td></tr> <td><select name = "region"> 
			<option value = "Sverdlov">Sverdlov</option>
			<option value = "Oktyabr"> Oktyabr</option>
			<option value = "Pervomay"> Pervomay</option>
			<option value = "Lenin"> Lenin</option>
		</select></td>
 	</table>

 	<input type="Submit" name="Submit" color="blue">
	</center>
</body>
</html>';
print $html;

}
?>
